node.exe : Node.js version 
v25.2.1 detected.
En línea: 1 Carácter: 1
+ & "C:\Program 
Files\nodejs/node.exe" 
"C:\Program 
Files\nodejs/node_mo ...
+ ~~~~~~~~~~~~~~~~~~~~~~~~~
~~~~~~~~~~~~~~~~~~~~~~~~~~~
~~~~~~~~~~~~~~~~~
    + CategoryInfo         
     : NotSpecified: (Nod  
  e.js version v25.2.1 d   
 etected.:String) [], R    
emoteException
    + FullyQualifiedErrorI 
   d : NativeCommandError
 
Odd numbered Node.js 
versions will not enter 
LTS status and should not 
be used for production. 
For more information, 
please see https://nodejs.o
rg/en/about/previous-releas
es/.
[33mÔØ»[39m Building...
[32mÔ£ö[39m Building...
Application bundle generation failed. [3.654 seconds] - 2026-03-13T04:52:41.757Z

[1m[31m[31mX [41;31m[[
41;97mERROR[41;31m][0m 
[1mTS2305: Module 
'"./balance"' has no 
exported member 
'Balance'.[0m 
[1m[35m[plugin 
angular-compiler][0m

    src/app/core/services/b
alance.spec.ts:3:9:
[37m      3 Ôöé import { 
[32mBalance[37m } from 
'./balance';
        ÔòÁ          
[32m~~~~~~~[0m


[31mX [41;31m[[41;97mERR
OR[41;31m][0m 
[1mTS2305: Module 
'"./funds"' has no 
exported member 
'Funds'.[0m 
[1m[35m[plugin 
angular-compiler][0m

    src/app/core/services/f
unds.spec.ts:3:9:
[37m      3 Ôöé import { 
[32mFunds[37m } from 
'./funds';
        ÔòÁ          
[32m~~~~~[0m


[31mX [41;31m[[41;97mERR
OR[41;31m][0m 
[1mTS2305: Module 
'"./loading"' has no 
exported member 
'Loading'.[0m 
[1m[35m[plugin 
angular-compiler][0m

    src/app/core/services/l
oading.spec.ts:3:9:
[37m      3 Ôöé import { 
[32mLoading[37m } from 
'./loading';
        ÔòÁ          
[32m~~~~~~~[0m


[31mX [41;31m[[41;97mERR
OR[41;31m][0m 
[1mTS2305: Module 
'"./notification"' has no 
exported member 
'Notification'.[0m 
[1m[35m[plugin 
angular-compiler][0m

    src/app/core/services/n
otification.spec.ts:3:9:
[37m      3 Ôöé import { 
[32mNotification[37m } 
from './notification';
        ÔòÁ          
[32m~~~~~~~~~~~~[0m


[31mX [41;31m[[41;97mERR
OR[41;31m][0m 
[1mTS2459: Module 
'"./transaction"' declares 
'Transaction' locally, but 
it is not exported.[0m 
[1m[35m[plugin 
angular-compiler][0m

    src/app/core/services/t
ransaction.spec.ts:3:9:
[37m      3 Ôöé import { 
[32mTransaction[37m } 
from './transaction';
        ÔòÁ          
[32m~~~~~~~~~~~[0m

  'Transaction' is 
declared here.

    src/app/core/services/t
ransaction.ts:4:9:
[37m      4 Ôöé import { 
[32mTransaction[37m } 
from '../models/transaction
.model';
        ÔòÁ          
[32m~~~~~~~~~~~[0m

[39m[22m
